LTspice 24.0.12 for Windows
Circuit: * C:\Users\adwol\OneDrive\Documents\GitHub\Home-Audio-System\Hardware\Simulations\push_pull_swing.asc
Start Time: Fri Aug 22 21:14:10 2025
Warning: Multiple definitions of model "2scr375p" Type: BJT
Warning: Multiple definitions of model "bc857b" Type: BJT
Warning: Multiple definitions of model "bc847c" Type: BJT
Warning: Multiple definitions of model "bc847b" Type: BJT
solver = Normal
Maximum thread count: 16
tnom = 27
temp = 27
method = modified trap
WARNING: Node N014 is floating.
WARNING: Node VOFF is floating.

WARNING: Less than two connections to node n003.  This node is used by r19.
WARNING: Less than two connections to node n014.  This node is used by r20.
WARNING: Less than two connections to node vin_inv.  This node is used by r21.
WARNING: Less than two connections to node voff.  This node is used by r22.
WARNING: Less than two connections to node nc_02.  This node is used by r:u1:_rs_inn.
WARNING: Less than two connections to node nc_01.  This node is used by r:u1:_rs_inp.
WARNING: Less than two connections to node nc_07.  This node is used by r:u2:_rs_inn.
WARNING: Less than two connections to node nc_06.  This node is used by r:u2:_rs_inp.
Direct Newton iteration failed to find .op point.  (Use ".option noopiter" to skip.)
Starting Gmin stepping
Gmin = 10
Gmin = 1.07374
Gmin = 0.115292
Gmin = 0.0123794
Gmin = 0.00132923
Gmin = 0.000142725
vernier = 0.5
Gmin = 2.9562e-05
vernier = 0.25
vernier = 0.125
vernier = 0.0625
vernier = 0.03125
Gmin = 3.15072e-05
vernier = 0.015625
vernier = 0.0078125
vernier = 0.00390625
Gmin = 3.13844e-05
vernier = 0.00520833
vernier = 0.00694444
Gmin = 3.09485e-05
vernier = 0.00925925
vernier = 0.0123457
Gmin = 3.02703e-05
vernier = 0.0164609
Gmin = 2.92016e-05
vernier = 0.0219478
vernier = 0.0292638
Gmin = 2.75339e-05
vernier = 0.0390184
vernier = 0.0520245
Gmin = 2.50878e-05
vernier = 0.0693659
Gmin = 2.15809e-05
vernier = 0.0924879
vernier = 0.123317
Gmin = 1.68841e-05
vernier = 0.164423
vernier = 0.21923
Gmin = 1.14756e-05
vernier = 0.292307
Gmin = 6.17668e-06
vernier = 0.389743
vernier = 0.519657
Gmin = 2.28409e-06
vernier = 0.692876
vernier = 0.923834
Gmin = 4.93241e-07
vernier = 1
Gmin = 5.71863e-08
Gmin = 6.14033e-09
Gmin = 6.59313e-10
Gmin = 7.07932e-11
Gmin = 7.60136e-12
vernier = 0.5
vernier = 0.25
vernier = 0.125
vernier = 0.0625
Gmin = 6.2808e-12
vernier = 0.03125
vernier = 0.015625
vernier = 0.0078125
vernier = 0.00390625
vernier = 0.00195312
Gmin = 6.23211e-12
vernier = 0.000976562
vernier = 0.000488281
Gmin = 0
Gmin stepping failed

Starting source stepping with srcstepmethod=0
Source Step = 3.0303%
vernier = 0.25
Source Step = 0.0621449%
Source Step = 0.0917377%
Source Step = 0.12133%
Source Step = 0.150923%
Source Step = 0.180516%
vernier = 0.00146484
Source Step = 0.214548%
Source Step = 0.258937%
Source Step = 0.303326%
Source Step = 0.347715%
Source Step = 0.392105%
vernier = 0.00219727
Source Step = 0.440933%
Source Step = 0.507517%
Source Step = 0.5741%
Source Step = 0.640684%
Source Step = 0.707268%
vernier = 0.0032959
Source Step = 0.777181%
Source Step = 0.877057%
Source Step = 0.976932%
Source Step = 1.07681%
Source Step = 1.17668%
Source Step = 1.27656%
vernier = 0.00494385
Source Step = 1.42637%
Source Step = 1.57619%
Source Step = 1.726%
Source Step = 1.87581%
Source Step = 2.02563%
vernier = 0.00741577
Source Step = 2.24286%
Source Step = 2.46758%
Source Step = 2.6923%
Source Step = 2.91702%
Source Step = 3.14174%
vernier = 0.0111237
Source Step = 3.45635%
Source Step = 3.79343%
Source Step = 4.13051%
Source Step = 4.46759%
Source Step = 4.80467%
vernier = 0.0166855
Source Step = 5.25973%
Source Step = 5.76535%
Source Step = 6.27097%
Source Step = 6.77659%
Source Step = 7.28221%
vernier = 0.0250282
Source Step = 7.93952%
Source Step = 8.69795%
Source Step = 9.45638%
Source Step = 10.2148%
Source Step = 10.9732%
vernier = 0.0375423
Source Step = 11.9213%
Source Step = 13.0589%
Source Step = 14.1966%
Source Step = 15.3342%
Source Step = 16.4719%
vernier = 0.0563135
Source Step = 17.837%
Source Step = 19.5435%
Source Step = 21.25%
Source Step = 22.9565%
Source Step = 24.6629%
vernier = 0.0844703
Source Step = 26.6254%
Source Step = 29.1851%
Source Step = 31.7448%
Source Step = 34.3045%
Source Step = 36.8642%
vernier = 0.126705
Source Step = 39.6799%
Source Step = 43.5194%
Source Step = 47.359%
Source Step = 51.1985%
Source Step = 55.0381%
vernier = 0.190058
Source Step = 59.0696%
Source Step = 64.829%
Source Step = 70.5883%
Source Step = 76.3476%
Source Step = 82.107%
Source Step = 87.8663%
vernier = 0.285087
Source Step = 94.3456%
Source Step = 94.575%
Source Step = 94.71%
Source Step = 94.845%
Source Step = 94.98%
Source Step = 95.115%
vernier = 0.00668173
Source Step = 95.277%
Source Step = 95.4794%
Source Step = 95.6819%
Source Step = 95.8844%
Source Step = 96.0869%
vernier = 0.0100226
Source Step = 96.3197%
Source Step = 96.6234%
Source Step = 96.9271%
Source Step = 97.2309%
Source Step = 97.5346%
vernier = 0.0150339
Source Step = 97.8687%
Source Step = 98.3242%
Source Step = 98.7798%
Source Step = 99.2354%
Source Step = 99.691%
Source Step = 99.9643%
vernier = 0.000939618
Source Step = 99.9814%
Starting source stepping with srcstepmethod=1
Source Step = 3.0303%
vernier = 0.25
Source stepping failed

Pseudo Transient failed in finding the operating point at 5.143 µs.
Trouble finding operating point....skipping operating point for Transient analysis.
Changing Tseed to 1e-09
Changing Tseed to 1e-11
Changing Tseed to 1e-08
Changing Tseed to 1e-12
Changing Tseed to 1e-07
Changing Tseed to 1e-13
Changing Tseed to 1e-06
Changing Tseed to 1e-14
Changing Tseed to 1e-05
Changing Tseed to 1e-15
Changing Tseed to 0.0001
Changing Tseed to 1e-16
Fatal Error: Analysis:  Time step too small; initial timepoint: trouble with u2:_u5:esd_sw-instance s:u2:_u5:4

